#-----------------------------------------------------------
# xsim v2026.1 (64-bit)
# SW Build 6511674 on Tue Jun 16 11:02:23 MDT 2026
# IP Build 6504888 on Tue Jun 09 09:05:25 MDT 2026
# SharedData Build 6501428 on Mon Jun 08 17:34:18 MDT 2026
# Start of session at: Wed Sep  2 20:54:48 2026
# Process ID         : 228
# Current directory  : C:/FPGA-learning/HW2/HW2_counter_tb/HW2_counter_tb.srcs
# Command line       : xsim.exe -mode tcl -source {xsim.dir/tb_sim/xsim_script.tcl}
# Log file           : C:/FPGA-learning/HW2/HW2_counter_tb/HW2_counter_tb.srcs/xsim.log
# Journal file       : C:/FPGA-learning/HW2/HW2_counter_tb/HW2_counter_tb.srcs\xsim.jou
# Running On         : Saviel
# Platform           : Windows 11
# Operating System   : 26200
# Processor Detail   : Intel(R) Core(TM) Ultra 9 275HX
# CPU Frequency      : 3072 MHz
# CPU Physical cores : 24
# CPU Logical cores  : 24
# Host memory        : 33752 MB
# Swap memory        : 4160 MB
# Total Virtual      : 37913 MB
# Available Virtual  : 16704 MB
#-----------------------------------------------------------
source xsim.dir/tb_sim/xsim_script.tcl
# xsim {tb_sim} -autoloadwcfg -runall
Time resolution is 1 ps
run -all
PASS: LOAD, count = 10
PASS: COUNT UP to 13, count = 13
PASS: COUNT UP overflow, count = 0
PASS: HOLD, count = 0
PASS: COUNT DOWN overflow, count = 15
PASS: LOAD priority, count = 5
$finish called at time : 126 ns : File "C:/FPGA-learning/HW2/HW2_counter_tb/HW2_counter_tb.srcs/sim_1/new/tb_counter.v" Line 138
exit
INFO: [Common 17-206] Exiting xsim at Wed Sep  2 20:54:50 2026...
